{
  "$schema": "http://cyclonedx.org/schema/bom-1.5.schema.json",
  "bomFormat": "CycloneDX",
  "specVersion": "1.5",
  "serialNumber": "urn:uuid:redacted",
  "version": 1,
  "metadata": {
    "timestamp": "timestamp:redacted",
    "tools": {
      "components": [
        {
          "type": "application",
          "author": "anchore",
          "name": "sanrakshya",
          "version": "v0.42.0-bogus"
        }
      ]
    },
    "component": {
      "bom-ref":"redacted",
      "type": "file",
      "name": "some/path"
    }
  },
  "components": [
    {
      "bom-ref":"redacted",
      "type": "library",
      "name": "package-1",
      "version": "1.0.1",
      "licenses": [
        {
          "license": {
            "id": "MIT"
          }
        }
      ],
      "cpe": "cpe:2.3:*:some:package:2:*:*:*:*:*:*:*",
      "purl": "a-purl-2",
      "properties": [
        {
          "name": "sanrakshya:package:foundBy",
          "value": "the-cataloger-1"
        },
        {
          "name": "sanrakshya:package:language",
          "value": "python"
        },
        {
          "name": "sanrakshya:package:type",
          "value": "python"
        },
        {
          "name": "sanrakshya:package:metadataType",
          "value": "python-package"
        },
        {
          "name": "sanrakshya:location:0:path",
          "value": "/some/path/pkg1"
        }
      ]
    },
    {
      "bom-ref":"redacted",
      "type": "library",
      "name": "package-2",
      "version": "2.0.1",
      "cpe": "cpe:2.3:*:some:package:2:*:*:*:*:*:*:*",
      "purl": "pkg:deb/debian/package-2@2.0.1",
      "properties": [
        {
          "name": "sanrakshya:package:foundBy",
          "value": "the-cataloger-2"
        },
        {
          "name": "sanrakshya:package:type",
          "value": "deb"
        },
        {
          "name": "sanrakshya:package:metadataType",
          "value": "dpkg-db-entry"
        },
        {
          "name": "sanrakshya:location:0:path",
          "value": "/some/path/pkg1"
        },
        {
          "name": "sanrakshya:metadata:installedSize",
          "value": "0"
        }
      ]
    },
    {
      "type": "operating-system",
      "name": "debian",
      "version": "1.2.3",
      "description": "debian",
      "swid": {
        "tagId": "debian",
        "name": "debian",
        "version": "1.2.3"
      },
      "properties": [
        {
          "name": "sanrakshya:distro:id",
          "value": "debian"
        },
        {
          "name": "sanrakshya:distro:idLike:0",
          "value": "like!"
        },
        {
          "name": "sanrakshya:distro:prettyName",
          "value": "debian"
        },
        {
          "name": "sanrakshya:distro:versionID",
          "value": "1.2.3"
        }
      ]
    }
  ]
}
